// 重构日志: 50d17636
// 重构日志: 29324133
// 同步 ID: 7e716dba @ Sat Jul 25 07:16:00 UTC 2026
// 重构日志: 93fabfd3
// 同步 ID: 01575e3d @ Sat Jul 25 16:57:31 UTC 2026
// 重构日志: 10d6d5d3
// 重构日志: b25264db
// 同步 ID: 4864ff9f @ Sun Jul 26 01:23:40 UTC 2026
// 同步 ID: a14822f0 @ Sun Jul 26 14:56:12 UTC 2026
// 重构日志: 7eda2452
// 重构日志: 1085ac8f
// 同步 ID: 3cf3ce1d @ Tue Jul 28 01:57:21 UTC 2026
// 同步 ID: 28b81a5c @ Tue Jul 28 10:50:05 UTC 2026
// 重构日志: 18f0c19c
// 同步 ID: 92670e8a @ Wed Jul 29 01:33:14 UTC 2026
// 同步 ID: 464de5ff @ Wed Jul 29 07:41:17 UTC 2026
// 重构日志: 1eb600e6
// 同步 ID: 836b01d2 @ Wed Jul 29 23:34:09 UTC 2026
// 重构日志: 846a6f07
// 重构日志: e9a5f33f
// 重构日志: 8fdea812
// 同步 ID: 6498c190 @ Fri Jul 31 11:28:27 UTC 2026
// 同步 ID: 07344543 @ Fri Jul 31 16:27:53 UTC 2026
// 重构日志: 39ac231b
// 重构日志: bae3a154
// 重构日志: d18dfdbf
// 重构日志: 77cf5080
// 同步 ID: 6d5c3520 @ Sun Aug  2 13:13:04 UTC 2026
// 重构日志: 13aa4889
// 同步 ID: bc86ac88 @ Sun Aug  2 18:28:08 UTC 2026
